[debug] [2026-06-05T21:56:05.148Z] ----------------------------------------------------------------------
[debug] [2026-06-05T21:56:05.151Z] Command:       /nix/store/ws50yvm6vzlzf7jzz6n7xh4szddrack1-nodejs-20.19.1/bin/node /nix/store/gm9mcvzb17vv8cla08khrg29vxn3sq4r-firebase-tools-15.1.0/lib/node_modules/firebase-tools/lib/bin/firebase.js deploy --only hosting,functions --force --non-interactive
[debug] [2026-06-05T21:56:05.151Z] CLI Version:   15.1.0
[debug] [2026-06-05T21:56:05.152Z] Platform:      linux
[debug] [2026-06-05T21:56:05.152Z] Node Version:  v20.19.1
[debug] [2026-06-05T21:56:05.152Z] Time:          Fri Jun 05 2026 21:56:05 GMT+0000 (Coordinated Universal Time)
[debug] [2026-06-05T21:56:05.152Z] ----------------------------------------------------------------------
[debug] 
[debug] [2026-06-05T21:56:06.692Z] Object "" in "firebase.json" has unknown property: {"additionalProperty":"projects"}
[debug] [2026-06-05T21:56:06.695Z] Checked if tokens are valid: false, expires at: 1780695603476
[debug] [2026-06-05T21:56:06.695Z] Checked if tokens are valid: false, expires at: 1780695603476
[debug] [2026-06-05T21:56:06.695Z] > refreshing access token with scopes: []
[debug] [2026-06-05T21:56:06.698Z] >>> [apiv2][query] POST https://www.googleapis.com/oauth2/v3/token [none]
[debug] [2026-06-05T21:56:06.698Z] >>> [apiv2][body] POST https://www.googleapis.com/oauth2/v3/token [omitted]
[debug] [2026-06-05T21:56:06.787Z] <<< [apiv2][status] POST https://www.googleapis.com/oauth2/v3/token 200
[debug] [2026-06-05T21:56:06.787Z] <<< [apiv2][body] POST https://www.googleapis.com/oauth2/v3/token [omitted]
[debug] [2026-06-05T21:56:06.799Z] >>> [apiv2][query] GET https://monospace-pa.googleapis.com/v1/workspaces/skomidora-aiot-29612212 [none]
[debug] [2026-06-05T21:56:07.464Z] <<< [apiv2][status] GET https://monospace-pa.googleapis.com/v1/workspaces/skomidora-aiot-29612212 200
[debug] [2026-06-05T21:56:07.464Z] <<< [apiv2][body] GET https://monospace-pa.googleapis.com/v1/workspaces/skomidora-aiot-29612212 {"workspaceId":"skomidora-aiot-29612212","name":"SkoMiDora-AIoT","workspaceRedirectUrl":"firebase-skomidora-aiot-1763488482243.cluster-lr6dwlc2lzbcctqhqorax5zmro.cloudworkstations.dev","status":"WORKSPACE_STATUS_RUNNING","lastAccessDatetime":"2026-06-05T13:22:23.922006Z","workspaceTemplate":"WORKSPACE_TEMPLATE_FLUTTER","owner":"SELF","serviceAccountEmail":"msp-7062561622066257727@monospace-per-ws-sa-2.iam.gserviceaccount.com","enableNix":true,"ownerEmail":"ValXMachi@gmail.com","templateArgs":"{\"signedUrl\":\"https://monospace-local-import-bucket-us.storage.googleapis.com/skomidora-aiot-29612212-SkoMiDora-AI-Fashion-Advisor-skomidora.zip?X-Goog-Algorithm=GOOG4-RSA-SHA256&X-Goog-Credential=monospace-local-import-manager%40monospace-local-import-bucket.iam.gserviceaccount.com%2F20251118%2Fauto%2Fstorage%2Fgoog4_request&X-Goog-Date=20251118T175440Z&X-Goog-Expires=3600&X-Goog-SignedHeaders=host&x-goog-signature=651d280a5ed93aba08ccbf7997cf24ed8889226c05c30d0d03b86efe6f587a823d14c5a06096f373879ee995265c5a183b588a7a936c9496289d90a39e54bede5ccd3c0cd61998d215bfb91cbfb20cf3b4b35dcb5a773049edec8b49a51214e05ee9dfe22834cdede67ac7097f8a7be6682c70ca8c5200310c01fa8b05c17cd1c34090113ea02aeb557567769c6653df8634e7b2a65563b4dc259acf7850391788baaaa3598db0d373549c8fadc579eea27507a2d29ebe4f7b939733d570a582a086ad2fc5451063bb471aa22fd0b1f01ceee20a88fa63fe00847a4367e0bbe478eddb752dd013e91fd0904f19e0710ed2659bd7b2d8b4717eb8df0b12ec4c13\"}","templateRepoUrl":"file:///usr/local/monospace/templates/private/_local_import","workstationAccessToken":"eyJhbGciOiJSUzI1NiIsInR5cCI6IkpXVCJ9.eyJpc3MiOiJodHRwczovL2Nsb3VkLmdvb2dsZS5jb20vd29ya3N0YXRpb25zIiwiYXVkIjoiZmlyZWJhc2Utc2tvbWlkb3JhLWFpb3QtMTc2MzQ4ODQ4MjI0My5jbHVzdGVyLWxyNmR3bGMybHpiY2N0cWhxb3JheDV6bXJvLmNsb3Vkd29ya3N0YXRpb25zLmRldiIsImlhdCI6MTc4MDY5NjU2NywiZXhwIjoxNzgwNzgyOTY3fQ.F6vghgt_nlDIBw8B980NOsKMIXKNdnoy-VqSnKKz39l1dSrECWnXDbyteqOUC8oGcnwqUZKMaoDuDJw6Jnmbygu9MwdKPix7QfwDwMdgsHXlYLRnn_JHYZHLFpjyyv9-zK_5w_PIveTEtryAMbwYVmzqhYYOe8a4pbUHhqChSscT3m8yE_3r1A1IksmxaUMvnqWoXsgRpzJq6lCNl8mC3GHxDhFdoDgmpsC_u_P_WKeV_5aK9qoerleS_G0DOhcgg5gkm5bQB0JA57b0nVvUJsR18uQOLPFXvrs-WMtC-zQvvKAA55Ksw_p3EdQTjnQquZI7xrXlDmf10v-mgSHAvQ","firebaseProjectId":"styleai-footwear"}
[debug] [2026-06-05T21:56:07.466Z] > command requires scopes: ["email","openid","https://www.googleapis.com/auth/cloudplatformprojects.readonly","https://www.googleapis.com/auth/firebase","https://www.googleapis.com/auth/cloud-platform","https://www.googleapis.com/auth/userinfo.email"]
[debug] [2026-06-05T21:56:07.466Z] > authorizing via signed-in user (valxmachi@gmail.com)
[debug] [2026-06-05T21:56:07.466Z] [iam] checking project styleai-footwear for permissions ["firebase.projects.get","firebasehosting.sites.update"]
[debug] [2026-06-05T21:56:07.467Z] Checked if tokens are valid: true, expires at: 1780700165787
[debug] [2026-06-05T21:56:07.467Z] Checked if tokens are valid: true, expires at: 1780700165787
[debug] [2026-06-05T21:56:07.467Z] >>> [apiv2][query] POST https://cloudresourcemanager.googleapis.com/v1/projects/styleai-footwear:testIamPermissions [none]
[debug] [2026-06-05T21:56:07.467Z] >>> [apiv2][(partial)header] POST https://cloudresourcemanager.googleapis.com/v1/projects/styleai-footwear:testIamPermissions x-goog-quota-user=projects/styleai-footwear
[debug] [2026-06-05T21:56:07.467Z] >>> [apiv2][body] POST https://cloudresourcemanager.googleapis.com/v1/projects/styleai-footwear:testIamPermissions {"permissions":["firebase.projects.get","firebasehosting.sites.update"]}
[debug] [2026-06-05T21:56:07.503Z] <<< [apiv2][status] POST https://cloudresourcemanager.googleapis.com/v1/projects/styleai-footwear:testIamPermissions 200
[debug] [2026-06-05T21:56:07.504Z] <<< [apiv2][body] POST https://cloudresourcemanager.googleapis.com/v1/projects/styleai-footwear:testIamPermissions {"permissions":["firebase.projects.get","firebasehosting.sites.update"]}
[debug] [2026-06-05T21:56:07.504Z] Checked if tokens are valid: true, expires at: 1780700165787
[debug] [2026-06-05T21:56:07.504Z] Checked if tokens are valid: true, expires at: 1780700165787
[debug] [2026-06-05T21:56:07.505Z] >>> [apiv2][query] GET https://firebase.googleapis.com/v1beta1/projects/styleai-footwear [none]
[debug] [2026-06-05T21:56:07.754Z] <<< [apiv2][status] GET https://firebase.googleapis.com/v1beta1/projects/styleai-footwear 200
[debug] [2026-06-05T21:56:07.754Z] <<< [apiv2][body] GET https://firebase.googleapis.com/v1beta1/projects/styleai-footwear {"projectId":"styleai-footwear","projectNumber":"855662411333","displayName":"StyleAI Footwear","name":"projects/styleai-footwear","resources":{"hostingSite":"styleai-footwear","realtimeDatabaseInstance":"styleai-footwear-default-rtdb"},"state":"ACTIVE","etag":"1_5dcd58d3-8bff-45ba-b8aa-8d68ae0b3171"}
[debug] [2026-06-05T21:56:10.822Z] Checked if tokens are valid: true, expires at: 1780700165787
[debug] [2026-06-05T21:56:10.822Z] Checked if tokens are valid: true, expires at: 1780700165787
[debug] [2026-06-05T21:56:10.823Z] >>> [apiv2][query] GET https://firebasehosting.googleapis.com/v1beta1/projects/styleai-footwear/sites pageToken=&pageSize=10
[debug] [2026-06-05T21:56:11.480Z] <<< [apiv2][status] GET https://firebasehosting.googleapis.com/v1beta1/projects/styleai-footwear/sites 200
[debug] [2026-06-05T21:56:11.481Z] <<< [apiv2][body] GET https://firebasehosting.googleapis.com/v1beta1/projects/styleai-footwear/sites {"sites":[{"name":"projects/styleai-footwear/sites/sk-styleai-footwear-us-cen1","defaultUrl":"https://sk-styleai-footwear-us-cen1.web.app","appId":"1:855662411333:web:2b62d7a107f247f950ed2c","type":"USER_SITE"},{"name":"projects/styleai-footwear/sites/styleai-footwear","defaultUrl":"https://styleai-footwear.web.app","appId":"1:855662411333:web:657cc6c36c9df53450ed2c","type":"DEFAULT_SITE"}]}
[debug] [2026-06-05T21:56:11.481Z] Checked if tokens are valid: true, expires at: 1780700165787
[debug] [2026-06-05T21:56:11.481Z] Checked if tokens are valid: true, expires at: 1780700165787
[debug] [2026-06-05T21:56:11.482Z] >>> [apiv2][query] GET https://firebase.googleapis.com/v1beta1/projects/-/webApps/1:855662411333:web:657cc6c36c9df53450ed2c/config [none]
[debug] [2026-06-05T21:56:11.910Z] <<< [apiv2][status] GET https://firebase.googleapis.com/v1beta1/projects/-/webApps/1:855662411333:web:657cc6c36c9df53450ed2c/config 200
[debug] [2026-06-05T21:56:11.910Z] <<< [apiv2][body] GET https://firebase.googleapis.com/v1beta1/projects/-/webApps/1:855662411333:web:657cc6c36c9df53450ed2c/config {"projectId":"styleai-footwear","appId":"1:855662411333:web:657cc6c36c9df53450ed2c","databaseURL":"https://styleai-footwear-default-rtdb.firebaseio.com","storageBucket":"styleai-footwear.firebasestorage.app","apiKey":"AIzaSyB6TKlJLqnIzJltKM1jHmugZFhoSu-RpCI","authDomain":"styleai-footwear.firebaseapp.com","messagingSenderId":"855662411333","projectNumber":"855662411333","version":"2"}
[info] 
   Thank you for trying our early preview of Next.js support on Firebase Hosting.
   During the preview, support is best-effort and breaking changes can be expected. Proceed with caution.
   The integration is known to work with Next.js version 12 - 15.0. You may encounter errors.

   Documentation: https://firebase.google.com/docs/hosting/frameworks/nextjs
   File a bug: https://github.com/firebase/firebase-tools/issues/new?template=bug_report.md
   Submit a feature request: https://github.com/firebase/firebase-tools/issues/new?template=feature_request.md

   We'd love to learn from you. Express your interest in helping us shape the future of Firebase Hosting: https://goo.gle/41enW5X

[debug] [2026-06-05T21:56:18.267Z] Checked if tokens are valid: true, expires at: 1780700165787
[debug] [2026-06-05T21:56:18.267Z] Checked if tokens are valid: true, expires at: 1780700165787
[debug] [2026-06-05T21:56:18.268Z] >>> [apiv2][query] GET https://firebasehosting.googleapis.com/v1beta1/projects/styleai-footwear/sites/styleai-footwear [none]
[debug] [2026-06-05T21:56:18.762Z] <<< [apiv2][status] GET https://firebasehosting.googleapis.com/v1beta1/projects/styleai-footwear/sites/styleai-footwear 200
[debug] [2026-06-05T21:56:18.762Z] <<< [apiv2][body] GET https://firebasehosting.googleapis.com/v1beta1/projects/styleai-footwear/sites/styleai-footwear {"name":"projects/styleai-footwear/sites/styleai-footwear","defaultUrl":"https://styleai-footwear.web.app","appId":"1:855662411333:web:657cc6c36c9df53450ed2c","type":"DEFAULT_SITE"}
[info]    ▲ Next.js 15.5.19

[info]    - Environments: .env.local, .env
   - Experiments (use with caution):
     · staleTimes
     · serverActions


[info]    Creating an optimized production build ...

[info] <w> [webpack.cache.PackFileCacheStrategy] Caching failed for pack: Error: ENOSPC: no space left on device, write

[info]  ⚠ Compiled with warnings in 31.2s

./node_modules/@opentelemetry/instrumentation/build/esm/platform/node/instrumentation.js
Critical dependency: the request of a dependency is an expression

Import trace for requested module:
./node_modules/@opentelemetry/instrumentation/build/esm/platform/node/instrumentation.js
./node_modules/@opentelemetry/instrumentation/build/esm/platform/node/index.js
./node_modules/@opentelemetry/instrumentation/build/esm/platform/index.js
./node_modules/@opentelemetry/instrumentation/build/esm/index.js
./node_modules/@opentelemetry/sdk-node/build/src/sdk.js
./node_modules/@opentelemetry/sdk-node/build/src/index.js
./node_modules/@genkit-ai/core/lib/tracing/node-telemetry-provider.mjs
./node_modules/@genkit-ai/core/lib/node.mjs
./node_modules/genkit/lib/common.mjs
./node_modules/genkit/lib/index.mjs
./src/app/actions/analyze-style-dna.ts
./src/app/actions/index.ts

./node_modules/@protobufjs/inquire/index.js
Critical dependency: the request of a dependency is an expression

Import trace for requested module:
./node_modules/@protobufjs/inquire/index.js
./node_modules/protobufjs/src/util/minimal.js
./node_modules/protobufjs/src/index-minimal.js
./node_modules/protobufjs/minimal.js
./node_modules/@google-cloud/text-to-speech/build/protos/protos.js
./node_modules/@google-cloud/text-to-speech/build/src/index.js
./src/app/api/user/shoeboxes/route.ts

./src/app/actions/parse-brand-emails.ts
Attempted import error: 'db' is not exported f[debug] [2026-06-05T21:58:00.251Z] ----------------------------------------------------------------------
[debug] [2026-06-05T21:58:00.253Z] Command:       /nix/store/ws50yvm6vzlzf7jzz6n7xh4szddrack1-nodejs-20.19.1/bin/node /nix/store/gm9mcvzb17vv8cla08khrg29vxn3sq4r-firebase-tools-15.1.0/lib/node_modules/firebase-tools/lib/bin/firebase.js deploy --only hosting,functions --force --non-interactive
[debug] [2026-06-05T21:58:00.253Z] CLI Version:   15.1.0
[debug] [2026-06-05T21:58:00.254Z] Platform:      linux
[debug] [2026-06-05T21:58:00.254Z] Node Version:  v20.19.1
[debug] [2026-06-05T21:58:00.254Z] Time:          Fri Jun 05 2026 21:58:00 GMT+0000 (Coordinated Universal Time)
[debug] [2026-06-05T21:58:00.254Z] ----------------------------------------------------------------------
[debug] 
[debug] [2026-06-05T21:58:01.836Z] Object "" in "firebase.json" has unknown property: {"additionalProperty":"projects"}
[debug] [2026-06-05T21:58:01.839Z] Checked if tokens are valid: true, expires at: 1780700165787
[debug] [2026-06-05T21:58:01.839Z] Checked if tokens are valid: true, expires at: 1780700165787
[debug] [2026-06-05T21:58:01.842Z] >>> [apiv2][query] GET https://monospace-pa.googleapis.com/v1/workspaces/skomidora-aiot-29612212 [none]
[debug] [2026-06-05T21:58:02.576Z] <<< [apiv2][status] GET https://monospace-pa.googleapis.com/v1/workspaces/skomidora-aiot-29612212 200
[debug] [2026-06-05T21:58:02.576Z] <<< [apiv2][body] GET https://monospace-pa.googleapis.com/v1/workspaces/skomidora-aiot-29612212 {"workspaceId":"skomidora-aiot-29612212","name":"SkoMiDora-AIoT","workspaceRedirectUrl":"firebase-skomidora-aiot-1763488482243.cluster-lr6dwlc2lzbcctqhqorax5zmro.cloudworkstations.dev","status":"WORKSPACE_STATUS_RUNNING","lastAccessDatetime":"2026-06-05T13:22:23.922006Z","workspaceTemplate":"WORKSPACE_TEMPLATE_FLUTTER","owner":"SELF","serviceAccountEmail":"msp-7062561622066257727@monospace-per-ws-sa-2.iam.gserviceaccount.com","enableNix":true,"ownerEmail":"ValXMachi@gmail.com","templateArgs":"{\"signedUrl\":\"https://monospace-local-import-bucket-us.storage.googleapis.com/skomidora-aiot-29612212-SkoMiDora-AI-Fashion-Advisor-skomidora.zip?X-Goog-Algorithm=GOOG4-RSA-SHA256&X-Goog-Credential=monospace-local-import-manager%40monospace-local-import-bucket.iam.gserviceaccount.com%2F20251118%2Fauto%2Fstorage%2Fgoog4_request&X-Goog-Date=20251118T175440Z&X-Goog-Expires=3600&X-Goog-SignedHeaders=host&x-goog-signature=651d280a5ed93aba08ccbf7997cf24ed8889226c05c30d0d03b86efe6f587a823d14c5a06096f373879ee995265c5a183b588a7a936c9496289d90a39e54bede5ccd3c0cd61998d215bfb91cbfb20cf3b4b35dcb5a773049edec8b49a51214e05ee9dfe22834cdede67ac7097f8a7be6682c70ca8c5200310c01fa8b05c17cd1c34090113ea02aeb557567769c6653df8634e7b2a65563b4dc259acf7850391788baaaa3598db0d373549c8fadc579eea27507a2d29ebe4f7b939733d570a582a086ad2fc5451063bb471aa22fd0b1f01ceee20a88fa63fe00847a4367e0bbe478eddb752dd013e91fd0904f19e0710ed2659bd7b2d8b4717eb8df0b12ec4c13\"}","templateRepoUrl":"file:///usr/local/monospace/templates/private/_local_import","workstationAccessToken":"eyJhbGciOiJSUzI1NiIsInR5cCI6IkpXVCJ9.eyJpc3MiOiJodHRwczovL2Nsb3VkLmdvb2dsZS5jb20vd29ya3N0YXRpb25zIiwiYXVkIjoiZmlyZWJhc2Utc2tvbWlkb3JhLWFpb3QtMTc2MzQ4ODQ4MjI0My5jbHVzdGVyLWxyNmR3bGMybHpiY2N0cWhxb3JheDV6bXJvLmNsb3Vkd29ya3N0YXRpb25zLmRldiIsImlhdCI6MTc4MDY5NjY4MiwiZXhwIjoxNzgwNzgzMDgyfQ.SGaKN_6Ys9MlSh3vkSnQW8tKYqQVFNOrStFtzNdWxiGJu0xvZJjM_w0ENmafbjzmYZL4iWv7ib3HBFvIVfft7--EqGKGigLvGUHyX183Q82SSi3Y64NkJloEGu6XJcrwDbxMCq845ImYkjq5Z-2ZHElxBtSjNxzsBZ7ijTulXRJgxN71D9llIaqmdMHB_tvulTBJs79T_-u6BCkfT0uNzQZ6NBYasFiXdQSxrm8ly0mB8q0Cd4MdhIOHnTcuXEh9z_EL3QBDNcrL8BrZvi2jysIn8qM7j4TLXKDTUtvBnEDHh02wje5o-EzohZxQ3hyNQbDnWXS3Su2VDdZaC-WA2w","firebaseProjectId":"styleai-footwear"}
[debug] [2026-06-05T21:58:02.578Z] > command requires scopes: ["email","openid","https://www.googleapis.com/auth/cloudplatformprojects.readonly","https://www.googleapis.com/auth/firebase","https://www.googleapis.com/auth/cloud-platform","https://www.googleapis.com/auth/userinfo.email"]
[debug] [2026-06-05T21:58:02.579Z] > authorizing via signed-in user (valxmachi@gmail.com)
[debug] [2026-06-05T21:58:02.579Z] [iam] checking project styleai-footwear for permissions ["firebase.projects.get","firebasehosting.sites.update"]
[debug] [2026-06-05T21:58:02.579Z] Checked if tokens are valid: true, expires at: 1780700165787
[debug] [2026-06-05T21:58:02.580Z] Checked if tokens are valid: true, expires at: 1780700165787
[debug] [2026-06-05T21:58:02.580Z] >>> [apiv2][query] POST https://cloudresourcemanager.googleapis.com/v1/projects/styleai-footwear:testIamPermissions [none]
[debug] [2026-06-05T21:58:02.580Z] >>> [apiv2][(partial)header] POST https://cloudresourcemanager.googleapis.com/v1/projects/styleai-footwear:testIamPermissions x-goog-quota-user=projects/styleai-footwear
[debug] [2026-06-05T21:58:02.580Z] >>> [apiv2][body] POST https://cloudresourcemanager.googleapis.com/v1/projects/styleai-footwear:testIamPermissions {"permissions":["firebase.projects.get","firebasehosting.sites.update"]}
[debug] [2026-06-05T21:58:02.633Z] <<< [apiv2][status] POST https://cloudresourcemanager.googleapis.com/v1/projects/styleai-footwear:testIamPermissions 200
[debug] [2026-06-05T21:58:02.634Z] <<< [apiv2][body] POST https://cloudresourcemanager.googleapis.com/v1/projects/styleai-footwear:testIamPermissions {"permissions":["firebase.projects.get","firebasehosting.sites.update"]}
[debug] [2026-06-05T21:58:02.635Z] Checked if tokens are valid: true, expires at: 1780700165787
[debug] [2026-06-05T21:58:02.635Z] Checked if tokens are valid: true, expires at: 1780700165787
[debug] [2026-06-05T21:58:02.635Z] >>> [apiv2][query] GET https://firebase.googleapis.com/v1beta1/projects/styleai-footwear [none]
[debug] [2026-06-05T21:58:02.879Z] <<< [apiv2][status] GET https://firebase.googleapis.com/v1beta1/projects/styleai-footwear 200
[debug] [2026-06-05T21:58:02.879Z] <<< [apiv2][body] GET https://firebase.googleapis.com/v1beta1/projects/styleai-footwear {"projectId":"styleai-footwear","projectNumber":"855662411333","displayName":"StyleAI Footwear","name":"projects/styleai-footwear","resources":{"hostingSite":"styleai-footwear","realtimeDatabaseInstance":"styleai-footwear-default-rtdb"},"state":"ACTIVE","etag":"1_5dcd58d3-8bff-45ba-b8aa-8d68ae0b3171"}
[debug] [2026-06-05T21:58:05.833Z] Checked if tokens are valid: true, expires at: 1780700165787
[debug] [2026-06-05T21:58:05.833Z] Checked if tokens are valid: true, expires at: 1780700165787
[debug] [2026-06-05T21:58:05.834Z] >>> [apiv2][query] GET https://firebasehosting.googleapis.com/v1beta1/projects/styleai-footwear/sites pageToken=&pageSize=10
[debug] [2026-06-05T21:58:06.301Z] <<< [apiv2][status] GET https://firebasehosting.googleapis.com/v1beta1/projects/styleai-footwear/sites 200
[debug] [2026-06-05T21:58:06.301Z] <<< [apiv2][body] GET https://firebasehosting.googleapis.com/v1beta1/projects/styleai-footwear/sites {"sites":[{"name":"projects/styleai-footwear/sites/sk-styleai-footwear-us-cen1","defaultUrl":"https://sk-styleai-footwear-us-cen1.web.app","appId":"1:855662411333:web:2b62d7a107f247f950ed2c","type":"USER_SITE"},{"name":"projects/styleai-footwear/sites/styleai-footwear","defaultUrl":"https://styleai-footwear.web.app","appId":"1:855662411333:web:657cc6c36c9df53450ed2c","type":"DEFAULT_SITE"}]}
[debug] [2026-06-05T21:58:06.301Z] Checked if tokens are valid: true, expires at: 1780700165787
[debug] [2026-06-05T21:58:06.301Z] Checked if tokens are valid: true, expires at: 1780700165787
[debug] [2026-06-05T21:58:06.302Z] >>> [apiv2][query] GET https://firebase.googleapis.com/v1beta1/projects/-/webApps/1:855662411333:web:657cc6c36c9df53450ed2c/config [none]
[debug] [2026-06-05T21:58:06.661Z] <<< [apiv2][status] GET https://firebase.googleapis.com/v1beta1/projects/-/webApps/1:855662411333:web:657cc6c36c9df53450ed2c/config 200
[debug] [2026-06-05T21:58:06.661Z] <<< [apiv2][body] GET https://firebase.googleapis.com/v1beta1/projects/-/webApps/1:855662411333:web:657cc6c36c9df53450ed2c/config {"projectId":"styleai-footwear","appId":"1:855662411333:web:657cc6c36c9df53450ed2c","databaseURL":"https://styleai-footwear-default-rtdb.firebaseio.com","storageBucket":"styleai-footwear.firebasestorage.app","apiKey":"AIzaSyB6TKlJLqnIzJltKM1jHmugZFhoSu-RpCI","authDomain":"styleai-footwear.firebaseapp.com","messagingSenderId":"855662411333","projectNumber":"855662411333","version":"2"}
[info] 
   Thank you for trying our early preview of Next.js support on Firebase Hosting.
   During the preview, support is best-effort and breaking changes can be expected. Proceed with caution.
   The integration is known to work with Next.js version 12 - 15.0. You may encounter errors.

   Documentation: https://firebase.google.com/docs/hosting/frameworks/nextjs
   File a bug: https://github.com/firebase/firebase-tools/issues/new?template=bug_report.md
   Submit a feature request: https://github.com/firebase/firebase-tools/issues/new?template=feature_request.md

   We'd love to learn from you. Express your interest in helping us shape the future of Firebase Hosting: https://goo.gle/41enW5X

[debug] [2026-06-05T21:58:12.699Z] Checked if tokens are valid: true, expires at: 1780700165787
[debug] [2026-06-05T21:58:12.699Z] Checked if tokens are valid: true, expires at: 1780700165787
[debug] [2026-06-05T21:58:12.700Z] >>> [apiv2][query] GET https://firebasehosting.googleapis.com/v1beta1/projects/styleai-footwear/sites/styleai-footwear [none]
[debug] [2026-06-05T21:58:13.191Z] <<< [apiv2][status] GET https://firebasehosting.googleapis.com/v1beta1/projects/styleai-footwear/sites/styleai-footwear 200
[debug] [2026-06-05T21:58:13.191Z] <<< [apiv2][body] GET https://firebasehosting.googleapis.com/v1beta1/projects/styleai-footwear/sites/styleai-footwear {"name":"projects/styleai-footwear/sites/styleai-footwear","defaultUrl":"https://styleai-footwear.web.app","appId":"1:855662411333:web:657cc6c36c9df53450ed2c","type":"DEFAULT_SITE"}
[info]    ▲ Next.js 15.5.19

[info]    - Environments: .env.local, .env
   - Experiments (use with caution):
     · staleTimes
     · serverActions


[info]    Creating an optimized production build ...

[info] <w> [webpack.cache.PackFileCacheStrategy] Caching failed for pack: Error: ENOSPC: no space left on device, write

[info]  ⚠ Compiled with warnings in 34.1s


[info] ./node_modules/@opentelemetry/instrumentation/build/esm/platform/node/instrumentation.js
Critical dependency: the request of a dependency is an expression

Import trace for requested module:
./node_modules/@opentelemetry/instrumentation/build/esm/platform/node/instrumentation.js
./node_modules/@opentelemetry/instrumentation/build/esm/platform/node/index.js
./node_modules/@opentelemetry/instrumentation/build/esm/platform/index.js
./node_modules/@opentelemetry/instrumentation/build/esm/index.js
./node_modules/@opentelemetry/sdk-node/build/src/sdk.js
./node_modules/@opentelemetry/sdk-node/build/src/index.js
./node_modules/@genkit-ai/core/lib/tracing/node-telemetry-provider.mjs
./node_modules/@genkit-ai/core/lib/node.mjs
./node_modules/genkit/lib/common.mjs
./node_modules/genkit/lib/index.mjs
./src/app/actions/analyze-style-dna.ts
./src/app/actions/index.ts

./node_modules/@protobufjs/inquire/index.js
Critical dependency: the request of a dependency is an expression

Import trace for requested module:
./node_modules/@protobufjs/inquire/index.js
./node_modules/protobufjs/src/util/minimal.js
./node_modules/protobufjs/src/index-minimal.js
./node_modules/protobufjs/minimal.js
./node_modules/@google-cloud/text-to-speech/build/protos/protos.js
./node_modules/@google-cloud/text-to-speech/build/src/index.js
./src/app/api/user/shoeboxes/route.ts

./src/app/actions/parse-brand-emails.ts
Attempted import error: 'db' is not exported from '@/lib/firebase-admin' (imported as 'adminDb').

Import trace for requested module:
./src/app/actions/parse-brand-emails.ts

./src/app/actions/parse-brand-emails.ts
Attempted import error: 'db' is not exported from '@/lib/firebase-admin' (imported as 'adminDb').

Import trace for requested module:
./src/app/actions/parse-brand-emails.ts


[info] uncaughtException [Error: ENOSPC: no space left on device, write] {
  errno: -28,
  code: 'ENOSPC',
  syscall: 'write'
}

[debug] [2026-06-05T21:58:49.539Z] 