[debug] [2025-06-06T13:07:32.984Z] ----------------------------------------------------------------------
[debug] [2025-06-06T13:07:32.997Z] Command:       /nix/store/rbdrkcs5kkwpalxcd7c6bnm33lk2955n-nodejs-20.19.0/bin/node /nix/store/nh3zwzkz6wh6qa7bd2ywzr7irjij7j1i-firebase-tools-14.3.1/lib/node_modules/firebase-tools/lib/bin/firebase.js login
[debug] [2025-06-06T13:07:32.999Z] CLI Version:   14.3.1
[debug] [2025-06-06T13:07:32.999Z] Platform:      linux
[debug] [2025-06-06T13:07:33.000Z] Node Version:  v20.19.0
[debug] [2025-06-06T13:07:33.000Z] Time:          Fri Jun 06 2025 13:07:33 GMT+0000 (Coordinated Universal Time)
[debug] [2025-06-06T13:07:33.001Z] ----------------------------------------------------------------------
[debug] 
[debug] [2025-06-06T13:07:33.015Z] >>> [apiv2][query] GET https://firebase-public.firebaseio.com/cli.json [none]
[info] i  Firebase optionally collects CLI and Emulator Suite usage and error reporting information to help improve our products. Data is collected in accordance with Google's privacy policy (https://policies.google.com/privacy) and is not used to identify you.
 
[debug] [2025-06-06T13:07:33.285Z] <<< [apiv2][status] GET https://firebase-public.firebaseio.com/cli.json 200
[debug] [2025-06-06T13:07:33.287Z] <<< [apiv2][body] GET https://firebase-public.firebaseio.com/cli.json {"cloudBuildErrorAfter":1594252800000,"cloudBuildWarnAfter":1590019200000,"defaultNode10After":1594252800000,"minVersion":"3.0.5","node8DeploysDisabledAfter":1613390400000,"node8RuntimeDisabledAfter":1615809600000,"node8WarnAfter":1600128000000}
[debug] [2025-06-06T13:07:45.022Z] >>> [apiv2][query] POST https://auth.firebase.tools/attest [none]
[debug] [2025-06-06T13:07:45.023Z] >>> [apiv2][body] POST https://auth.firebase.tools/attest {"session_id":"7ee5121c-1431-460d-82b9-1cd3c59e201c"}
[debug] [2025-06-06T13:07:45.301Z] <<< [apiv2][status] POST https://auth.firebase.tools/attest 200
[debug] [2025-06-06T13:07:45.301Z] <<< [apiv2][body] POST https://auth.firebase.tools/attest {"token":"lQ-ZPwfax6U2iwWoI3X9sYbHEvxT7ZI5FNfUI9vnips"}
[info] 
[info] To sign in to the Firebase CLI:
[info] 
[info] 1. Take note of your session ID:
[info] 
[info]    7EE51
[info] 
[info] 2. Visit the URL below on any device and follow the instructions to get your code:
[info] 
[info]    https://auth.firebase.tools/login?code_challenge=HEIB4ZS-9qQ-5oiDeEbAUlLTJPNbLzXzM59P26uMb1k&session=7ee5121c-1431-460d-82b9-1cd3c59e201c&attest=lQ-ZPwfax6U2iwWoI3X9sYbHEvxT7ZI5FNfUI9vnips
[info] 
[info] 3. Paste or enter the authorization code below once you have it:
[info] 
